(string) (len=142) "SELECT * FROM \"users\" INNER JOIN app_user_profiles ON app_user_profiles.user_id=users.id WHERE (\"app_user_profiles\".\"username\" IN ($1,$2,$3));"
